src/app/components/layout/Navbar.tsx(2,24): error TS1261: Already included file name 'D:/blockchain-evidence-system/frontend/src/app/components/ui/Button.tsx' differs from file name 'D:/blockchain-evidence-system/frontend/src/app/components/ui/button.tsx' only in casing.
  The file is in the program because:
    Imported via "../ui/Button" from file 'D:/blockchain-evidence-system/frontend/src/app/components/layout/Navbar.tsx'
    Imported via "./ui/Button" from file 'D:/blockchain-evidence-system/frontend/src/app/components/ProfileModal.tsx'
    Imported via "../components/ui/Button" from file 'D:/blockchain-evidence-system/frontend/src/app/pages/Login.tsx'
    Imported via "../components/ui/button" from file 'D:/blockchain-evidence-system/frontend/src/app/pages/Upload.tsx'
    Imported via "../components/ui/Button" from file 'D:/blockchain-evidence-system/frontend/src/app/pages/Verify.tsx'
    Imported via "../components/ui/Button" from file 'D:/blockchain-evidence-system/frontend/src/app/pages/Search.tsx'
    Imported via "../components/ui/button" from file 'D:/blockchain-evidence-system/frontend/src/app/pages/EvidenceDetail.tsx'
    Imported via "../components/ui/Button" from file 'D:/blockchain-evidence-system/frontend/src/app/pages/History.tsx'
    Imported via "../components/ui/Button" from file 'D:/blockchain-evidence-system/frontend/src/app/pages/NotFound.tsx'
    Imported via "./button" from file 'D:/blockchain-evidence-system/frontend/src/app/components/ui/alert-dialog.tsx'
    Matched by include pattern 'src' in 'D:/blockchain-evidence-system/frontend/tsconfig.json'
    Imported via "./button" from file 'D:/blockchain-evidence-system/frontend/src/app/components/ui/calendar.tsx'
    Imported via "./button" from file 'D:/blockchain-evidence-system/frontend/src/app/components/ui/carousel.tsx'
    Imported via "./button" from file 'D:/blockchain-evidence-system/frontend/src/app/components/ui/pagination.tsx'
    Imported via "./button" from file 'D:/blockchain-evidence-system/frontend/src/app/components/ui/sidebar.tsx'
src/app/components/layout/Sidebar.tsx(15,23): error TS2339: Property 'error' does not exist on type 'EvidenceContextType'.
src/app/components/ProfileModal.tsx(4,23): error TS1261: Already included file name 'D:/blockchain-evidence-system/frontend/src/app/components/ui/Input.tsx' differs from file name 'D:/blockchain-evidence-system/frontend/src/app/components/ui/input.tsx' only in casing.
  The file is in the program because:
    Imported via "./ui/Input" from file 'D:/blockchain-evidence-system/frontend/src/app/components/ProfileModal.tsx'
    Imported via "../components/ui/input" from file 'D:/blockchain-evidence-system/frontend/src/app/pages/Upload.tsx'
    Imported via "../components/ui/Input" from file 'D:/blockchain-evidence-system/frontend/src/app/pages/Verify.tsx'
    Imported via "../components/ui/Input" from file 'D:/blockchain-evidence-system/frontend/src/app/pages/Search.tsx'
    Imported via "../components/ui/Input" from file 'D:/blockchain-evidence-system/frontend/src/app/pages/History.tsx'
    Matched by include pattern 'src' in 'D:/blockchain-evidence-system/frontend/tsconfig.json'
    Imported via "./input" from file 'D:/blockchain-evidence-system/frontend/src/app/components/ui/sidebar.tsx'
src/app/components/ProfileModal.tsx(53,13): error TS2322: Type '{ label: string; value: string; onChange: (e: ChangeEvent<HTMLInputElement, HTMLInputElement>) => void; placeholder: string; }' is not assignable to type 'IntrinsicAttributes & ClassAttributes<HTMLInputElement> & InputHTMLAttributes<HTMLInputElement>'.
  Property 'label' does not exist on type 'IntrinsicAttributes & ClassAttributes<HTMLInputElement> & InputHTMLAttributes<HTMLInputElement>'.
src/app/components/StatCard.tsx(22,11): error TS2322: Type '{ children: Element; hover: true; }' is not assignable to type 'IntrinsicAttributes & ClassAttributes<HTMLDivElement> & HTMLAttributes<HTMLDivElement>'.
  Property 'hover' does not exist on type 'IntrinsicAttributes & ClassAttributes<HTMLDivElement> & HTMLAttributes<HTMLDivElement>'.
src/app/components/ui/alert-dialog.tsx(7,32): error TS1149: File name 'D:/blockchain-evidence-system/frontend/src/app/components/ui/button.tsx' differs from already included file name 'D:/blockchain-evidence-system/frontend/src/app/components/ui/Button.tsx' only in casing.
  The file is in the program because:
    Imported via "../ui/Button" from file 'D:/blockchain-evidence-system/frontend/src/app/components/layout/Navbar.tsx'
    Imported via "./ui/Button" from file 'D:/blockchain-evidence-system/frontend/src/app/components/ProfileModal.tsx'
    Imported via "../components/ui/Button" from file 'D:/blockchain-evidence-system/frontend/src/app/pages/Login.tsx'
    Imported via "../components/ui/button" from file 'D:/blockchain-evidence-system/frontend/src/app/pages/Upload.tsx'
    Imported via "../components/ui/Button" from file 'D:/blockchain-evidence-system/frontend/src/app/pages/Verify.tsx'
    Imported via "../components/ui/Button" from file 'D:/blockchain-evidence-system/frontend/src/app/pages/Search.tsx'
    Imported via "../components/ui/button" from file 'D:/blockchain-evidence-system/frontend/src/app/pages/EvidenceDetail.tsx'
    Imported via "../components/ui/Button" from file 'D:/blockchain-evidence-system/frontend/src/app/pages/History.tsx'
    Imported via "../components/ui/Button" from file 'D:/blockchain-evidence-system/frontend/src/app/pages/NotFound.tsx'
    Imported via "./button" from file 'D:/blockchain-evidence-system/frontend/src/app/components/ui/alert-dialog.tsx'
    Matched by include pattern 'src' in 'D:/blockchain-evidence-system/frontend/tsconfig.json'
    Imported via "./button" from file 'D:/blockchain-evidence-system/frontend/src/app/components/ui/calendar.tsx'
    Imported via "./button" from file 'D:/blockchain-evidence-system/frontend/src/app/components/ui/carousel.tsx'
    Imported via "./button" from file 'D:/blockchain-evidence-system/frontend/src/app/components/ui/pagination.tsx'
    Imported via "./button" from file 'D:/blockchain-evidence-system/frontend/src/app/components/ui/sidebar.tsx'
src/app/components/ui/calendar.tsx(8,32): error TS1149: File name 'D:/blockchain-evidence-system/frontend/src/app/components/ui/button.tsx' differs from already included file name 'D:/blockchain-evidence-system/frontend/src/app/components/ui/Button.tsx' only in casing.
  The file is in the program because:
    Imported via "../ui/Button" from file 'D:/blockchain-evidence-system/frontend/src/app/components/layout/Navbar.tsx'
    Imported via "./ui/Button" from file 'D:/blockchain-evidence-system/frontend/src/app/components/ProfileModal.tsx'
    Imported via "../components/ui/Button" from file 'D:/blockchain-evidence-system/frontend/src/app/pages/Login.tsx'
    Imported via "../components/ui/button" from file 'D:/blockchain-evidence-system/frontend/src/app/pages/Upload.tsx'
    Imported via "../components/ui/Button" from file 'D:/blockchain-evidence-system/frontend/src/app/pages/Verify.tsx'
    Imported via "../components/ui/Button" from file 'D:/blockchain-evidence-system/frontend/src/app/pages/Search.tsx'
    Imported via "../components/ui/button" from file 'D:/blockchain-evidence-system/frontend/src/app/pages/EvidenceDetail.tsx'
    Imported via "../components/ui/Button" from file 'D:/blockchain-evidence-system/frontend/src/app/pages/History.tsx'
    Imported via "../components/ui/Button" from file 'D:/blockchain-evidence-system/frontend/src/app/pages/NotFound.tsx'
    Imported via "./button" from file 'D:/blockchain-evidence-system/frontend/src/app/components/ui/alert-dialog.tsx'
    Matched by include pattern 'src' in 'D:/blockchain-evidence-system/frontend/tsconfig.json'
    Imported via "./button" from file 'D:/blockchain-evidence-system/frontend/src/app/components/ui/calendar.tsx'
    Imported via "./button" from file 'D:/blockchain-evidence-system/frontend/src/app/components/ui/carousel.tsx'
    Imported via "./button" from file 'D:/blockchain-evidence-system/frontend/src/app/components/ui/pagination.tsx'
    Imported via "./button" from file 'D:/blockchain-evidence-system/frontend/src/app/components/ui/sidebar.tsx'
src/app/components/ui/carousel.tsx(10,24): error TS1149: File name 'D:/blockchain-evidence-system/frontend/src/app/components/ui/button.tsx' differs from already included file name 'D:/blockchain-evidence-system/frontend/src/app/components/ui/Button.tsx' only in casing.
  The file is in the program because:
    Imported via "../ui/Button" from file 'D:/blockchain-evidence-system/frontend/src/app/components/layout/Navbar.tsx'
    Imported via "./ui/Button" from file 'D:/blockchain-evidence-system/frontend/src/app/components/ProfileModal.tsx'
    Imported via "../components/ui/Button" from file 'D:/blockchain-evidence-system/frontend/src/app/pages/Login.tsx'
    Imported via "../components/ui/button" from file 'D:/blockchain-evidence-system/frontend/src/app/pages/Upload.tsx'
    Imported via "../components/ui/Button" from file 'D:/blockchain-evidence-system/frontend/src/app/pages/Verify.tsx'
    Imported via "../components/ui/Button" from file 'D:/blockchain-evidence-system/frontend/src/app/pages/Search.tsx'
    Imported via "../components/ui/button" from file 'D:/blockchain-evidence-system/frontend/src/app/pages/EvidenceDetail.tsx'
    Imported via "../components/ui/Button" from file 'D:/blockchain-evidence-system/frontend/src/app/pages/History.tsx'
    Imported via "../components/ui/Button" from file 'D:/blockchain-evidence-system/frontend/src/app/pages/NotFound.tsx'
    Imported via "./button" from file 'D:/blockchain-evidence-system/frontend/src/app/components/ui/alert-dialog.tsx'
    Matched by include pattern 'src' in 'D:/blockchain-evidence-system/frontend/tsconfig.json'
    Imported via "./button" from file 'D:/blockchain-evidence-system/frontend/src/app/components/ui/calendar.tsx'
    Imported via "./button" from file 'D:/blockchain-evidence-system/frontend/src/app/components/ui/carousel.tsx'
    Imported via "./button" from file 'D:/blockchain-evidence-system/frontend/src/app/components/ui/pagination.tsx'
    Imported via "./button" from file 'D:/blockchain-evidence-system/frontend/src/app/components/ui/sidebar.tsx'
src/app/components/ui/pagination.tsx(9,40): error TS1149: File name 'D:/blockchain-evidence-system/frontend/src/app/components/ui/button.tsx' differs from already included file name 'D:/blockchain-evidence-system/frontend/src/app/components/ui/Button.tsx' only in casing.
  The file is in the program because:
    Imported via "../ui/Button" from file 'D:/blockchain-evidence-system/frontend/src/app/components/layout/Navbar.tsx'
    Imported via "./ui/Button" from file 'D:/blockchain-evidence-system/frontend/src/app/components/ProfileModal.tsx'
    Imported via "../components/ui/Button" from file 'D:/blockchain-evidence-system/frontend/src/app/pages/Login.tsx'
    Imported via "../components/ui/button" from file 'D:/blockchain-evidence-system/frontend/src/app/pages/Upload.tsx'
    Imported via "../components/ui/Button" from file 'D:/blockchain-evidence-system/frontend/src/app/pages/Verify.tsx'
    Imported via "../components/ui/Button" from file 'D:/blockchain-evidence-system/frontend/src/app/pages/Search.tsx'
    Imported via "../components/ui/button" from file 'D:/blockchain-evidence-system/frontend/src/app/pages/EvidenceDetail.tsx'
    Imported via "../components/ui/Button" from file 'D:/blockchain-evidence-system/frontend/src/app/pages/History.tsx'
    Imported via "../components/ui/Button" from file 'D:/blockchain-evidence-system/frontend/src/app/pages/NotFound.tsx'
    Imported via "./button" from file 'D:/blockchain-evidence-system/frontend/src/app/components/ui/alert-dialog.tsx'
    Matched by include pattern 'src' in 'D:/blockchain-evidence-system/frontend/tsconfig.json'
    Imported via "./button" from file 'D:/blockchain-evidence-system/frontend/src/app/components/ui/calendar.tsx'
    Imported via "./button" from file 'D:/blockchain-evidence-system/frontend/src/app/components/ui/carousel.tsx'
    Imported via "./button" from file 'D:/blockchain-evidence-system/frontend/src/app/components/ui/pagination.tsx'
    Imported via "./button" from file 'D:/blockchain-evidence-system/frontend/src/app/components/ui/sidebar.tsx'
src/app/components/ui/sidebar.tsx(10,24): error TS1149: File name 'D:/blockchain-evidence-system/frontend/src/app/components/ui/button.tsx' differs from already included file name 'D:/blockchain-evidence-system/frontend/src/app/components/ui/Button.tsx' only in casing.
  The file is in the program because:
    Imported via "../ui/Button" from file 'D:/blockchain-evidence-system/frontend/src/app/components/layout/Navbar.tsx'
    Imported via "./ui/Button" from file 'D:/blockchain-evidence-system/frontend/src/app/components/ProfileModal.tsx'
    Imported via "../components/ui/Button" from file 'D:/blockchain-evidence-system/frontend/src/app/pages/Login.tsx'
    Imported via "../components/ui/button" from file 'D:/blockchain-evidence-system/frontend/src/app/pages/Upload.tsx'
    Imported via "../components/ui/Button" from file 'D:/blockchain-evidence-system/frontend/src/app/pages/Verify.tsx'
    Imported via "../components/ui/Button" from file 'D:/blockchain-evidence-system/frontend/src/app/pages/Search.tsx'
    Imported via "../components/ui/button" from file 'D:/blockchain-evidence-system/frontend/src/app/pages/EvidenceDetail.tsx'
    Imported via "../components/ui/Button" from file 'D:/blockchain-evidence-system/frontend/src/app/pages/History.tsx'
    Imported via "../components/ui/Button" from file 'D:/blockchain-evidence-system/frontend/src/app/pages/NotFound.tsx'
    Imported via "./button" from file 'D:/blockchain-evidence-system/frontend/src/app/components/ui/alert-dialog.tsx'
    Matched by include pattern 'src' in 'D:/blockchain-evidence-system/frontend/tsconfig.json'
    Imported via "./button" from file 'D:/blockchain-evidence-system/frontend/src/app/components/ui/calendar.tsx'
    Imported via "./button" from file 'D:/blockchain-evidence-system/frontend/src/app/components/ui/carousel.tsx'
    Imported via "./button" from file 'D:/blockchain-evidence-system/frontend/src/app/components/ui/pagination.tsx'
    Imported via "./button" from file 'D:/blockchain-evidence-system/frontend/src/app/components/ui/sidebar.tsx'
src/app/components/ui/sidebar.tsx(11,23): error TS1149: File name 'D:/blockchain-evidence-system/frontend/src/app/components/ui/input.tsx' differs from already included file name 'D:/blockchain-evidence-system/frontend/src/app/components/ui/Input.tsx' only in casing.
  The file is in the program because:
    Imported via "./ui/Input" from file 'D:/blockchain-evidence-system/frontend/src/app/components/ProfileModal.tsx'
    Imported via "../components/ui/input" from file 'D:/blockchain-evidence-system/frontend/src/app/pages/Upload.tsx'
    Imported via "../components/ui/Input" from file 'D:/blockchain-evidence-system/frontend/src/app/pages/Verify.tsx'
    Imported via "../components/ui/Input" from file 'D:/blockchain-evidence-system/frontend/src/app/pages/Search.tsx'
    Imported via "../components/ui/Input" from file 'D:/blockchain-evidence-system/frontend/src/app/pages/History.tsx'
    Matched by include pattern 'src' in 'D:/blockchain-evidence-system/frontend/tsconfig.json'
    Imported via "./input" from file 'D:/blockchain-evidence-system/frontend/src/app/components/ui/sidebar.tsx'
src/app/pages/Dashboard.tsx(201,32): error TS2322: Type '"info"' is not assignable to type '"default" | "destructive" | "outline" | "secondary"'.
src/app/pages/EvidenceDetail.tsx(6,24): error TS1149: File name 'D:/blockchain-evidence-system/frontend/src/app/components/ui/button.tsx' differs from already included file name 'D:/blockchain-evidence-system/frontend/src/app/components/ui/Button.tsx' only in casing.
  The file is in the program because:
    Imported via "../ui/Button" from file 'D:/blockchain-evidence-system/frontend/src/app/components/layout/Navbar.tsx'
    Imported via "./ui/Button" from file 'D:/blockchain-evidence-system/frontend/src/app/components/ProfileModal.tsx'
    Imported via "../components/ui/Button" from file 'D:/blockchain-evidence-system/frontend/src/app/pages/Login.tsx'
    Imported via "../components/ui/button" from file 'D:/blockchain-evidence-system/frontend/src/app/pages/Upload.tsx'
    Imported via "../components/ui/Button" from file 'D:/blockchain-evidence-system/frontend/src/app/pages/Verify.tsx'
    Imported via "../components/ui/Button" from file 'D:/blockchain-evidence-system/frontend/src/app/pages/Search.tsx'
    Imported via "../components/ui/button" from file 'D:/blockchain-evidence-system/frontend/src/app/pages/EvidenceDetail.tsx'
    Imported via "../components/ui/Button" from file 'D:/blockchain-evidence-system/frontend/src/app/pages/History.tsx'
    Imported via "../components/ui/Button" from file 'D:/blockchain-evidence-system/frontend/src/app/pages/NotFound.tsx'
    Imported via "./button" from file 'D:/blockchain-evidence-system/frontend/src/app/components/ui/alert-dialog.tsx'
    Matched by include pattern 'src' in 'D:/blockchain-evidence-system/frontend/tsconfig.json'
    Imported via "./button" from file 'D:/blockchain-evidence-system/frontend/src/app/components/ui/calendar.tsx'
    Imported via "./button" from file 'D:/blockchain-evidence-system/frontend/src/app/components/ui/carousel.tsx'
    Imported via "./button" from file 'D:/blockchain-evidence-system/frontend/src/app/components/ui/pagination.tsx'
    Imported via "./button" from file 'D:/blockchain-evidence-system/frontend/src/app/components/ui/sidebar.tsx'
src/app/pages/EvidenceDetail.tsx(80,20): error TS2322: Type '"info"' is not assignable to type '"default" | "destructive" | "outline" | "secondary"'.
src/app/pages/EvidenceDetail.tsx(82,22): error TS2322: Type '"success"' is not assignable to type '"default" | "destructive" | "outline" | "secondary"'.
src/app/pages/EvidenceDetail.tsx(84,22): error TS2322: Type '"error"' is not assignable to type '"default" | "destructive" | "outline" | "secondary"'.
src/app/pages/History.tsx(4,23): error TS1149: File name 'D:/blockchain-evidence-system/frontend/src/app/components/ui/Badge.tsx' differs from already included file name 'D:/blockchain-evidence-system/frontend/src/app/components/ui/badge.tsx' only in casing.
  The file is in the program because:
    Imported via "../components/ui/badge" from file 'D:/blockchain-evidence-system/frontend/src/app/pages/Dashboard.tsx'
    Imported via "../components/ui/badge" from file 'D:/blockchain-evidence-system/frontend/src/app/pages/Upload.tsx'
    Imported via "../components/ui/Badge" from file 'D:/blockchain-evidence-system/frontend/src/app/pages/Verify.tsx'
    Imported via "../components/ui/Badge" from file 'D:/blockchain-evidence-system/frontend/src/app/pages/Search.tsx'
    Imported via "../components/ui/badge" from file 'D:/blockchain-evidence-system/frontend/src/app/pages/EvidenceDetail.tsx'
    Imported via "../components/ui/Badge" from file 'D:/blockchain-evidence-system/frontend/src/app/pages/History.tsx'
    Matched by include pattern 'src' in 'D:/blockchain-evidence-system/frontend/tsconfig.json'
src/app/pages/History.tsx(51,21): error TS2352: Conversion of type '({ id: string; action: string; type: string; timestamp: any; owner: any; evidenceId: any; wallet: any; hash?: undefined; } | { id: string; action: string; type: string; timestamp: any; hash: any; evidenceId: any; wallet: any; owner?: undefined; })[]' to type 'EvidenceHistory' may be a mistake because neither type sufficiently overlaps with the other. If this was intentional, convert the expression to 'unknown' first.
  Type '{ id: string; action: string; type: string; timestamp: any; owner: any; evidenceId: any; wallet: any; hash?: undefined; } | { id: string; action: string; type: string; timestamp: any; hash: any; evidenceId: any; wallet: any; owner?: undefined; }' is not comparable to type 'EvidenceHistoryItem'.
    Type '{ id: string; action: string; type: string; timestamp: any; hash: any; evidenceId: any; wallet: any; owner?: undefined; }' is not comparable to type 'EvidenceHistoryItem'.
      Types of property 'id' are incompatible.
        Type 'string' is not comparable to type 'number'.
src/app/pages/History.tsx(178,31): error TS2322: Type '{ children: Element; hover: true; className: string; }' is not assignable to type 'IntrinsicAttributes & ClassAttributes<HTMLDivElement> & HTMLAttributes<HTMLDivElement>'.
  Property 'hover' does not exist on type 'IntrinsicAttributes & ClassAttributes<HTMLDivElement> & HTMLAttributes<HTMLDivElement>'.
src/app/pages/History.tsx(183,40): error TS2322: Type '"info"' is not assignable to type '"default" | "destructive" | "outline" | "secondary"'.
src/app/pages/History.tsx(207,79): error TS2322: Type '"info"' is not assignable to type '"default" | "destructive" | "outline" | "secondary"'.
src/app/pages/History.tsx(208,79): error TS2322: Type '"success"' is not assignable to type '"default" | "destructive" | "outline" | "secondary"'.
src/app/pages/History.tsx(209,81): error TS2322: Type '"warning"' is not assignable to type '"default" | "destructive" | "outline" | "secondary"'.
src/app/pages/Search.tsx(6,23): error TS1149: File name 'D:/blockchain-evidence-system/frontend/src/app/components/ui/Badge.tsx' differs from already included file name 'D:/blockchain-evidence-system/frontend/src/app/components/ui/badge.tsx' only in casing.
  The file is in the program because:
    Imported via "../components/ui/badge" from file 'D:/blockchain-evidence-system/frontend/src/app/pages/Dashboard.tsx'
    Imported via "../components/ui/badge" from file 'D:/blockchain-evidence-system/frontend/src/app/pages/Upload.tsx'
    Imported via "../components/ui/Badge" from file 'D:/blockchain-evidence-system/frontend/src/app/pages/Verify.tsx'
    Imported via "../components/ui/Badge" from file 'D:/blockchain-evidence-system/frontend/src/app/pages/Search.tsx'
    Imported via "../components/ui/badge" from file 'D:/blockchain-evidence-system/frontend/src/app/pages/EvidenceDetail.tsx'
    Imported via "../components/ui/Badge" from file 'D:/blockchain-evidence-system/frontend/src/app/pages/History.tsx'
    Matched by include pattern 'src' in 'D:/blockchain-evidence-system/frontend/tsconfig.json'
src/app/pages/Search.tsx(104,26): error TS2322: Type '"info"' is not assignable to type '"default" | "destructive" | "outline" | "secondary"'.
src/app/pages/Search.tsx(225,32): error TS2322: Type '"success"' is not assignable to type '"default" | "destructive" | "outline" | "secondary"'.
src/app/pages/Search.tsx(227,32): error TS2322: Type '"error"' is not assignable to type '"default" | "destructive" | "outline" | "secondary"'.
src/app/pages/Upload.tsx(4,23): error TS1149: File name 'D:/blockchain-evidence-system/frontend/src/app/components/ui/input.tsx' differs from already included file name 'D:/blockchain-evidence-system/frontend/src/app/components/ui/Input.tsx' only in casing.
  The file is in the program because:
    Imported via "./ui/Input" from file 'D:/blockchain-evidence-system/frontend/src/app/components/ProfileModal.tsx'
    Imported via "../components/ui/input" from file 'D:/blockchain-evidence-system/frontend/src/app/pages/Upload.tsx'
    Imported via "../components/ui/Input" from file 'D:/blockchain-evidence-system/frontend/src/app/pages/Verify.tsx'
    Imported via "../components/ui/Input" from file 'D:/blockchain-evidence-system/frontend/src/app/pages/Search.tsx'
    Imported via "../components/ui/Input" from file 'D:/blockchain-evidence-system/frontend/src/app/pages/History.tsx'
    Matched by include pattern 'src' in 'D:/blockchain-evidence-system/frontend/tsconfig.json'
    Imported via "./input" from file 'D:/blockchain-evidence-system/frontend/src/app/components/ui/sidebar.tsx'
src/app/pages/Upload.tsx(7,24): error TS1149: File name 'D:/blockchain-evidence-system/frontend/src/app/components/ui/button.tsx' differs from already included file name 'D:/blockchain-evidence-system/frontend/src/app/components/ui/Button.tsx' only in casing.
  The file is in the program because:
    Imported via "../ui/Button" from file 'D:/blockchain-evidence-system/frontend/src/app/components/layout/Navbar.tsx'
    Imported via "./ui/Button" from file 'D:/blockchain-evidence-system/frontend/src/app/components/ProfileModal.tsx'
    Imported via "../components/ui/Button" from file 'D:/blockchain-evidence-system/frontend/src/app/pages/Login.tsx'
    Imported via "../components/ui/button" from file 'D:/blockchain-evidence-system/frontend/src/app/pages/Upload.tsx'
    Imported via "../components/ui/Button" from file 'D:/blockchain-evidence-system/frontend/src/app/pages/Verify.tsx'
    Imported via "../components/ui/Button" from file 'D:/blockchain-evidence-system/frontend/src/app/pages/Search.tsx'
    Imported via "../components/ui/button" from file 'D:/blockchain-evidence-system/frontend/src/app/pages/EvidenceDetail.tsx'
    Imported via "../components/ui/Button" from file 'D:/blockchain-evidence-system/frontend/src/app/pages/History.tsx'
    Imported via "../components/ui/Button" from file 'D:/blockchain-evidence-system/frontend/src/app/pages/NotFound.tsx'
    Imported via "./button" from file 'D:/blockchain-evidence-system/frontend/src/app/components/ui/alert-dialog.tsx'
    Matched by include pattern 'src' in 'D:/blockchain-evidence-system/frontend/tsconfig.json'
    Imported via "./button" from file 'D:/blockchain-evidence-system/frontend/src/app/components/ui/calendar.tsx'
    Imported via "./button" from file 'D:/blockchain-evidence-system/frontend/src/app/components/ui/carousel.tsx'
    Imported via "./button" from file 'D:/blockchain-evidence-system/frontend/src/app/components/ui/pagination.tsx'
    Imported via "./button" from file 'D:/blockchain-evidence-system/frontend/src/app/components/ui/sidebar.tsx'
src/app/pages/Verify.tsx(6,23): error TS1149: File name 'D:/blockchain-evidence-system/frontend/src/app/components/ui/Badge.tsx' differs from already included file name 'D:/blockchain-evidence-system/frontend/src/app/components/ui/badge.tsx' only in casing.
  The file is in the program because:
    Imported via "../components/ui/badge" from file 'D:/blockchain-evidence-system/frontend/src/app/pages/Dashboard.tsx'
    Imported via "../components/ui/badge" from file 'D:/blockchain-evidence-system/frontend/src/app/pages/Upload.tsx'
    Imported via "../components/ui/Badge" from file 'D:/blockchain-evidence-system/frontend/src/app/pages/Verify.tsx'
    Imported via "../components/ui/Badge" from file 'D:/blockchain-evidence-system/frontend/src/app/pages/Search.tsx'
    Imported via "../components/ui/badge" from file 'D:/blockchain-evidence-system/frontend/src/app/pages/EvidenceDetail.tsx'
    Imported via "../components/ui/Badge" from file 'D:/blockchain-evidence-system/frontend/src/app/pages/History.tsx'
    Matched by include pattern 'src' in 'D:/blockchain-evidence-system/frontend/tsconfig.json'
src/app/pages/Verify.tsx(67,15): error TS2322: Type '{ label: string; placeholder: string; value: string; onChange: (e: ChangeEvent<HTMLInputElement, HTMLInputElement>) => void; required: true; }' is not assignable to type 'IntrinsicAttributes & ClassAttributes<HTMLInputElement> & InputHTMLAttributes<HTMLInputElement>'.
  Property 'label' does not exist on type 'IntrinsicAttributes & ClassAttributes<HTMLInputElement> & InputHTMLAttributes<HTMLInputElement>'.
src/app/pages/Verify.tsx(118,24): error TS2322: Type '"success"' is not assignable to type '"default" | "destructive" | "outline" | "secondary"'.
src/app/pages/Verify.tsx(123,24): error TS2322: Type '"error"' is not assignable to type '"default" | "destructive" | "outline" | "secondary"'.
src/main.tsx(3,19): error TS5097: An import path can only end with a '.tsx' extension when 'allowImportingTsExtensions' is enabled.
